   Γû▓ Next.js 15.5.12
   - Environments: .env.local, .env
   - Experiments (use with caution):
     ┬╖ serverActions

   Creating an optimized production build ...
node.exe :  ΓÜá Compiled with warnings in 6.1s
At line:1 char:1
+ & "C:\Program Files\nodejs/node.exe" "C:\Program Files\nodejs/node_mo ...
+ ~~~~~~~~~~~~~~~~~~~~~~~~~~~~~~~~~~~~~~~~~~~~~~~~~~~~~~~~~~~~~~~~~~~~~
    + CategoryInfo          : NotSpecified: ( ΓÜá Compiled with warnings in 6.1s:String) [], RemoteException
    + FullyQualifiedErrorId : NativeCommandError
 

./node_modules/@prisma/client/runtime/wasm-engine-edge.js
A Node.js API is used (setImmediate at line: 12) which is not supported in the Edge Runtime.
Learn more: https://nextjs.org/docs/api-reference/edge-runtime

Import trace for requested module:
./node_modules/@prisma/client/runtime/wasm-engine-edge.js
./node_modules/.prisma/client/wasm.js
./node_modules/.prisma/client/default.js
./node_modules/@prisma/client/default.js
./lib/prisma.ts
./auth.ts

./node_modules/bcryptjs/index.js
A Node.js module is loaded ('crypto' at line 32) which is not supported in the Edge Runtime.
Learn More: https://nextjs.org/docs/messages/node-module-in-edge-runtime

Import trace for requested module:
./node_modules/bcryptjs/index.js
./auth.ts

./node_modules/bcryptjs/index.js
A Node.js API is used (setImmediate at line: 335) which is not supported in the Edge Runtime.
Learn more: https://nextjs.org/docs/api-reference/edge-runtime

Import trace for requested module:
./node_modules/bcryptjs/index.js
./auth.ts

./node_modules/bcryptjs/index.js
A Node.js API is used (setImmediate at line: 336) which is not supported in the Edge Runtime.
Learn more: https://nextjs.org/docs/api-reference/edge-runtime

Import trace for requested module:
./node_modules/bcryptjs/index.js
./auth.ts

 Γ£ô Compiled successfully in 47s
   Skipping validation of types
   Skipping linting
   Collecting page data ...
   Generating static pages (0/18) ...
   Generating static pages (4/18) 
   Generating static pages (8/18) 
   Generating static pages (13/18) 
 Γ£ô Generating static pages (18/18)
   Finalizing page optimization ...
   Collecting build traces ...

Route (app)                                  Size  First Load JS  Revalidate  Expire
Γöî ╞Æ /                                       16 kB         178 kB
Γö£ Γùï /_not-found                             996 B         103 kB
Γö£ ╞Æ /admin                                  10 kB         159 kB
Γö£ ╞Æ /api/auth/[...nextauth]                 157 B         103 kB
Γö£ ╞Æ /api/leaderboard                        157 B         103 kB
Γö£ ╞Æ /api/notifications                      157 B         103 kB
Γö£ Γùï /api/reviews                            157 B         103 kB          5s      1y
Γö£ ╞Æ /api/sidebar                            157 B         103 kB
Γö£ ╞Æ /api/upload                             157 B         103 kB
Γö£ ╞Æ /api/weather                            157 B         103 kB
Γö£ ╞Æ /auth/error                             175 B         106 kB
Γö£ ╞Æ /auth/register                         5.6 kB         120 kB
Γö£ ╞Æ /auth/signin                          1.13 kB         110 kB
Γö£ Γùï /auth/verify-phone                    39.4 kB         148 kB
Γö£ Γùï /creators                               187 B         111 kB          1h      1y
Γö£ ╞Æ /creators/[id]                          187 B         111 kB
Γö£ ╞Æ /creators/name/[name]                   187 B         111 kB
Γö£ ╞Æ /dashboard/deals                      2.65 kB         105 kB
Γö£ ╞Æ /decants                              3.51 kB         164 kB
Γö£ Γùï /decants/create                         26 kB         178 kB
Γö£ ╞Æ /fragram                              4.05 kB         161 kB
Γö£ ╞Æ /leaderboards                           187 B         111 kB
Γö£ Γùï /licensing                              175 B         106 kB
Γö£ Γùï /partners                             2.06 kB         104 kB          1h      1y
Γö£ Γùï /perfume                              7.32 kB         158 kB          1h      1y
Γö£ ╞Æ /perfume/[id]                         4.85 kB         166 kB
Γö£ ╞Æ /perfume/[id]/opengraph-image-1ufhjk    157 B         103 kB
Γö£ Γùï /privacy                                175 B         106 kB
Γö£ ╞Æ /profile                                157 B         103 kB
Γö£ ╞Æ /profile/edit                         2.28 kB         108 kB
Γö£ ╞Æ /review/[id]                          2.85 kB         117 kB
Γö£ ╞Æ /reviews                              1.97 kB         152 kB
Γö£ ╞Æ /search                               1.56 kB         112 kB
Γö£ ╞Æ /shops                                5.53 kB         147 kB
Γö£ ╞Æ /sitemap.xml                            157 B         103 kB
Γö£ Γùï /terms                                  175 B         106 kB
Γö£ ╞Æ /user/[id]                              186 B         160 kB
Γöö ╞Æ /wardrobe                               175 B         160 kB
+ First Load JS shared by all              102 kB
  Γö£ chunks/1255-a390e12b70b4a9fb.js         46 kB
  Γö£ chunks/4bd1b696-f785427dddbba9fb.js   54.2 kB
  Γöö other shared chunks (total)           2.14 kB


╞Æ Middleware                               154 kB

Γùï  (Static)   prerendered as static content
╞Æ  (Dynamic)  server-rendered on demand

