
> subash@0.1.0 build
> prisma db push --accept-data-loss && prisma generate && next build

node.exe : Environment variables loaded from .env
At line:1 char:1
+ & "C:\Program Files\nodejs/node.exe" "C:\Program Files\nodejs/node_mo ...
+ ~~~~~~~~~~~~~~~~~~~~~~~~~~~~~~~~~~~~~~~~~~~~~~~~~~~~~~~~~~~~~~~~~~~~~
    + CategoryInfo          : NotSpecified: (Environment variables loaded from 
    .env:String) [], RemoteException
    + FullyQualifiedErrorId : NativeCommandError
 
Prisma schema loaded from prisma\schema.prisma
Datasource "db": SQLite database "subash.db" at "file:./subash.db"

The database is already in sync with the Prisma schema.

Running generate... (Use --skip-generate to skip the generators)
[2K[1A[2K[GRunning generate... - Prisma Client
[2K[1A[2K[GΓ£ö Generated Prisma Client (v6.19.2) to .\node_modules\@prisma\client in 275ms

Environment variables loaded from .env
Prisma schema loaded from prisma\schema.prisma

Γ£ö Generated Prisma Client (v6.19.2) to .\node_modules\@prisma\client in 186ms

Start by importing your Prisma Client (See: https://pris.ly/d/importing-client)

Tip: Want to turn off tips and other hints? https://pris.ly/tip-4-nohints

   Γû▓ Next.js 15.5.12
   - Environments: .env.local, .env
   - Experiments (use with caution):
     ┬╖ serverActions
     ┬╖ optimizePackageImports

   Creating an optimized production build ...
 Γ£ô Compiled successfully in 13.7s
   Linting and checking validity of types ...

./app/(main)/brand/[slug]/page.tsx
21:9  Warning: 'perfume' is assigned a value but never used.  @typescript-eslint/no-unused-vars

./app/(main)/perfume/[id]/page.tsx
466:25  Warning: Using `<img>` could result in slower LCP and higher bandwidth. Consider using `<Image />` from `next/image` or a custom image loader to automatically optimize images. This may incur additional usage or cost from your provider. See: https://nextjs.org/docs/messages/no-img-element  @next/next/no-img-element

./app/admin/AdminDashboardClient.tsx
849:46  Warning: Unexpected any. Specify a different type.  @typescript-eslint/no-explicit-any
911:26  Warning: Unexpected any. Specify a different type.  @typescript-eslint/no-explicit-any
912:27  Warning: Unexpected any. Specify a different type.  @typescript-eslint/no-explicit-any
1267:52  Warning: Unexpected any. Specify a different type.  @typescript-eslint/no-explicit-any
1360:46  Warning: Unexpected any. Specify a different type.  @typescript-eslint/no-explicit-any

./app/api/weather/route.ts
79:3  Warning: Unused eslint-disable directive (no problems were reported from '@typescript-eslint/no-explicit-any').

./components/encyclopedia/EncyclopediaMatrix.tsx
801:65  Warning: Unexpected any. Specify a different type.  @typescript-eslint/no-explicit-any
802:48  Warning: Unexpected any. Specify a different type.  @typescript-eslint/no-explicit-any
805:48  Warning: Unexpected any. Specify a different type.  @typescript-eslint/no-explicit-any
808:40  Warning: Unexpected any. Specify a different type.  @typescript-eslint/no-explicit-any

./lib/actions/admin.ts
428:24  Warning: Unexpected any. Specify a different type.  @typescript-eslint/no-explicit-any

info  - Need to disable some ESLint rules? Learn more here: https://nextjs.org/docs/app/api-reference/config/eslint#disabling-rules
   Collecting page data ...
   Generating static pages (0/29) ...
   Generating static pages (7/29) 
   Generating static pages (14/29) 
   Generating static pages (21/29) 
 Γ£ô Generating static pages (29/29)
   Finalizing page optimization ...
   Collecting build traces ...

Route (app)                                  Size  First Load JS  Revalidate  Expire
Γöî ╞Æ /                                     22.8 kB         183 kB
Γö£ Γùï /_not-found                             191 B         102 kB
Γö£ ╞Æ /admin                                23.3 kB         172 kB
Γö£ ╞Æ /api/auth/[...nextauth]                 191 B         102 kB
Γö£ ╞Æ /api/csv-upload                         191 B         102 kB
Γö£ ╞Æ /api/features                           191 B         102 kB
Γö£ ╞Æ /api/heartbeat                          191 B         102 kB
Γö£ ╞Æ /api/leaderboard                        191 B         102 kB
Γö£ ╞Æ /api/notifications                      191 B         102 kB
Γö£ ╞Æ /api/perfumes/[id]/process-image        191 B         102 kB
Γö£ Γùï /api/reviews                            191 B         102 kB          5s      1y
Γö£ ╞Æ /api/sidebar                            191 B         102 kB
Γö£ ╞Æ /api/upload                             191 B         102 kB
Γö£ ╞Æ /api/weather                            191 B         102 kB
Γö£ Γùï /brand                                  191 B         106 kB          1h      1y
Γö£ ╞Æ /brand/[slug]                           197 B         111 kB
Γö£ Γùï /creators                               197 B         111 kB          1h      1y
Γö£ ╞Æ /creators/[id]                          197 B         111 kB
Γö£ ╞Æ /creators/name/[name]                   197 B         111 kB
Γö£ ╞Æ /dashboard/deals                      2.65 kB         105 kB
Γö£ ╞Æ /decants                              4.11 kB         164 kB
Γö£ Γùï /decants/create                       26.8 kB         178 kB
Γö£ ╞Æ /encyclopedia                           191 B         102 kB
Γö£ Γùï /forgot-password                      2.44 kB         108 kB
Γö£ Γùï /fragram                               1.4 kB         112 kB          1m      1y
Γö£ Γùï /fragram/create                       5.76 kB         163 kB          1h      1y
Γö£ ╞Æ /leaderboards                           197 B         111 kB
Γö£ Γùï /legal/privacy                          191 B         106 kB
Γö£ Γùï /legal/terms                            191 B         106 kB
Γö£ Γùï /licensing                              191 B         106 kB
Γö£ ╞Æ /login                                1.15 kB         110 kB
Γö£ ╞Æ /login/error                            191 B         106 kB
Γö£ Γùï /opengraph-image                        191 B         102 kB
Γö£ Γùï /partners                              2.1 kB         104 kB          1h      1y
Γö£ ╞Æ /perfume                              11.1 kB         122 kB
Γö£ ╞Æ /perfume/[id]                         12.6 kB         173 kB
Γö£ ╞Æ /perfume/[id]/opengraph-image-1ufhjk    191 B         102 kB
Γö£ Γùï /privacy                                191 B         106 kB
Γö£ ╞Æ /profile                                191 B         102 kB
Γö£ ╞Æ /profile/edit                         4.46 kB         110 kB
Γö£ ╞Æ /register                             6.19 kB         120 kB
Γö£ ╞Æ /review/[id]                          2.89 kB         117 kB
Γö£ ╞Æ /reviews                                197 B         111 kB
Γö£ Γùï /robots.txt                             191 B         102 kB
Γö£ ╞Æ /search                               1.59 kB         112 kB
Γö£ ╞Æ /shops                                3.57 kB         147 kB
Γö£ ╞Æ /sitemap.xml                            191 B         102 kB
Γö£ Γùï /terms                                  191 B         106 kB
Γö£ ╞Æ /user/[id]                            1.09 kB         161 kB
Γö£ Γùï /verify-phone                         40.1 kB         149 kB
Γöö ╞Æ /wardrobe                               175 B         160 kB
+ First Load JS shared by all              102 kB
  Γö£ chunks/1255-ad409e5887c155b0.js       45.7 kB
  Γö£ chunks/4bd1b696-100b9d70ed4e49c1.js   54.2 kB
  Γöö other shared chunks (total)           2.22 kB


╞Æ Middleware                              87.5 kB

Γùï  (Static)   prerendered as static content
╞Æ  (Dynamic)  server-rendered on demand

