
≡ƒÜÇ  Subash Dual-CSV Importer startingΓÇª

≡ƒôé Loading fra_perfumes.csv from I:\Subash\Subash\prisma\fra_perfumes.csvΓÇª
  Γ£à 69948 descriptions indexed from fra_perfumes.csv

≡ƒôé Reading fra_cleaned.csv (limit: all rows)ΓÇª

  ≡ƒôä 24063 rows collected from fra_cleaned.csv

  ΓÜá∩╕Å  [1] No description for: ΓÇª/accento-overdose-pride-edition-74630.html ΓÇö using fallback
  ΓÜá∩╕Å  [2] No description for: ΓÇª/classique-pride-2024-90394.html ΓÇö using fallback
  ΓÜá∩╕Å  [3] No description for: ΓÇª/classique-pride-2023-81775.html ΓÇö using fallback
node.exe : 
At line:1 char:1
+ & "C:\Program Files\nodejs/node.exe" 
"C:\Program Files\nodejs/node_mo ...
+ ~~~~~~~~~~~~~~~~~~~~~~~~~~~~~~~~~~~~~~~~~~
~~~~~~~~~~~~~~~~~~~~~~~~~~~
    + CategoryInfo          : NotSpecified: 
    (:String) [], RemoteException
    + FullyQualifiedErrorId : NativeCommand 
   Error
 
≡ƒÆÑ Fatal error: 
PrismaClientInitializationError: 
Invalid `prisma.perfume.createMany()` 
invocation in
I:\Subash\Subash\prisma\import-csv.ts:190:41

  187 async function flushBatch(): 
Promise<void> {
  188   if (batch.length === 0) return;
  189   const toInsert = batch.splice(0); 
// clear in-place and take copy
ΓåÆ 190   const result = await 
prisma.perfume.createMany(
Can't reach database server at 
`subash_db:5432`

Please make sure your database server is 
running at `subash_db:5432`.
    at ei.handleRequestError (I:\Subash\Suba
sh\node_modules\@prisma\client\src\runtime\R
equestHandler.ts:242:13)
    at ei.handleAndLogRequestError (I:\Subas
h\Subash\node_modules\@prisma\client\src\run
time\RequestHandler.ts:174:12)
    at ei.request (I:\Subash\Subash\node_mod
ules\@prisma\client\src\runtime\RequestHandl
er.ts:143:12)
    at async a (I:\Subash\Subash\node_module
s\@prisma\client\src\runtime\getPrismaClient
.ts:833:24)
    at async flushBatch (I:\Subash\Subash\pr
isma\import-csv.ts:190:20)
    at async importCleaned (I:\Subash\Subash
\prisma\import-csv.ts:267:7)
    at async main (I:\Subash\Subash\prisma\i
mport-csv.ts:290:5) {
  clientVersion: '6.19.2',
  errorCode: undefined,
  retryable: undefined
}
